Archive member included to satisfy reference by file (symbol)

c:/st/stm32cubeide_1.4.0/stm32cubeide/plugins/com.st.stm32cube.ide.mcu.externaltools.gnu-tools-for-stm32.7-2018-q2-update.win32_1.4.0.202007081208/tools/bin/../lib/gcc/arm-none-eabi/7.3.1/../../../../arm-none-eabi/lib/thumb/v7-m\libc_nano.a(lib_a-exit.o)
                              c:/st/stm32cubeide_1.4.0/stm32cubeide/plugins/com.st.stm32cube.ide.mcu.externaltools.gnu-tools-for-stm32.7-2018-q2-update.win32_1.4.0.202007081208/tools/bin/../lib/gcc/arm-none-eabi/7.3.1/../../../../arm-none-eabi/lib/thumb/v7-m/crt0.o (exit)
c:/st/stm32cubeide_1.4.0/stm32cubeide/plugins/com.st.stm32cube.ide.mcu.externaltools.gnu-tools-for-stm32.7-2018-q2-update.win32_1.4.0.202007081208/tools/bin/../lib/gcc/arm-none-eabi/7.3.1/../../../../arm-none-eabi/lib/thumb/v7-m\libc_nano.a(lib_a-impure.o)
                              c:/st/stm32cubeide_1.4.0/stm32cubeide/plugins/com.st.stm32cube.ide.mcu.externaltools.gnu-tools-for-stm32.7-2018-q2-update.win32_1.4.0.202007081208/tools/bin/../lib/gcc/arm-none-eabi/7.3.1/../../../../arm-none-eabi/lib/thumb/v7-m\libc_nano.a(lib_a-exit.o) (_global_impure_ptr)
c:/st/stm32cubeide_1.4.0/stm32cubeide/plugins/com.st.stm32cube.ide.mcu.externaltools.gnu-tools-for-stm32.7-2018-q2-update.win32_1.4.0.202007081208/tools/bin/../lib/gcc/arm-none-eabi/7.3.1/../../../../arm-none-eabi/lib/thumb/v7-m\libc_nano.a(lib_a-init.o)
                              c:/st/stm32cubeide_1.4.0/stm32cubeide/plugins/com.st.stm32cube.ide.mcu.externaltools.gnu-tools-for-stm32.7-2018-q2-update.win32_1.4.0.202007081208/tools/bin/../lib/gcc/arm-none-eabi/7.3.1/../../../../arm-none-eabi/lib/thumb/v7-m/crt0.o (__libc_init_array)
c:/st/stm32cubeide_1.4.0/stm32cubeide/plugins/com.st.stm32cube.ide.mcu.externaltools.gnu-tools-for-stm32.7-2018-q2-update.win32_1.4.0.202007081208/tools/bin/../lib/gcc/arm-none-eabi/7.3.1/../../../../arm-none-eabi/lib/thumb/v7-m\libc_nano.a(lib_a-memset.o)
                              c:/st/stm32cubeide_1.4.0/stm32cubeide/plugins/com.st.stm32cube.ide.mcu.externaltools.gnu-tools-for-stm32.7-2018-q2-update.win32_1.4.0.202007081208/tools/bin/../lib/gcc/arm-none-eabi/7.3.1/../../../../arm-none-eabi/lib/thumb/v7-m/crt0.o (memset)
c:/st/stm32cubeide_1.4.0/stm32cubeide/plugins/com.st.stm32cube.ide.mcu.externaltools.gnu-tools-for-stm32.7-2018-q2-update.win32_1.4.0.202007081208/tools/bin/../lib/gcc/arm-none-eabi/7.3.1/../../../../arm-none-eabi/lib/thumb/v7-m\libnosys.a(_exit.o)
                              c:/st/stm32cubeide_1.4.0/stm32cubeide/plugins/com.st.stm32cube.ide.mcu.externaltools.gnu-tools-for-stm32.7-2018-q2-update.win32_1.4.0.202007081208/tools/bin/../lib/gcc/arm-none-eabi/7.3.1/../../../../arm-none-eabi/lib/thumb/v7-m\libc_nano.a(lib_a-exit.o) (_exit)

Allocating common symbols
Common symbol       size              file

MCAL_Systick_Callback
                    0x4               Src/MCAL/Systick/Systick.o
EXTI_CallBack       0x40              Src/MCAL/EXI/EXTI.o

Discarded input sections

 .text          0x0000000000000000        0x0 c:/st/stm32cubeide_1.4.0/stm32cubeide/plugins/com.st.stm32cube.ide.mcu.externaltools.gnu-tools-for-stm32.7-2018-q2-update.win32_1.4.0.202007081208/tools/bin/../lib/gcc/arm-none-eabi/7.3.1/thumb/v7-m/crti.o
 .data          0x0000000000000000        0x0 c:/st/stm32cubeide_1.4.0/stm32cubeide/plugins/com.st.stm32cube.ide.mcu.externaltools.gnu-tools-for-stm32.7-2018-q2-update.win32_1.4.0.202007081208/tools/bin/../lib/gcc/arm-none-eabi/7.3.1/thumb/v7-m/crti.o
 .bss           0x0000000000000000        0x0 c:/st/stm32cubeide_1.4.0/stm32cubeide/plugins/com.st.stm32cube.ide.mcu.externaltools.gnu-tools-for-stm32.7-2018-q2-update.win32_1.4.0.202007081208/tools/bin/../lib/gcc/arm-none-eabi/7.3.1/thumb/v7-m/crti.o
 .data          0x0000000000000000        0x4 c:/st/stm32cubeide_1.4.0/stm32cubeide/plugins/com.st.stm32cube.ide.mcu.externaltools.gnu-tools-for-stm32.7-2018-q2-update.win32_1.4.0.202007081208/tools/bin/../lib/gcc/arm-none-eabi/7.3.1/thumb/v7-m/crtbegin.o
 .text          0x0000000000000000       0x74 c:/st/stm32cubeide_1.4.0/stm32cubeide/plugins/com.st.stm32cube.ide.mcu.externaltools.gnu-tools-for-stm32.7-2018-q2-update.win32_1.4.0.202007081208/tools/bin/../lib/gcc/arm-none-eabi/7.3.1/../../../../arm-none-eabi/lib/thumb/v7-m/crt0.o
 .data          0x0000000000000000        0x0 c:/st/stm32cubeide_1.4.0/stm32cubeide/plugins/com.st.stm32cube.ide.mcu.externaltools.gnu-tools-for-stm32.7-2018-q2-update.win32_1.4.0.202007081208/tools/bin/../lib/gcc/arm-none-eabi/7.3.1/../../../../arm-none-eabi/lib/thumb/v7-m/crt0.o
 .bss           0x0000000000000000        0x0 c:/st/stm32cubeide_1.4.0/stm32cubeide/plugins/com.st.stm32cube.ide.mcu.externaltools.gnu-tools-for-stm32.7-2018-q2-update.win32_1.4.0.202007081208/tools/bin/../lib/gcc/arm-none-eabi/7.3.1/../../../../arm-none-eabi/lib/thumb/v7-m/crt0.o
 .ARM.extab     0x0000000000000000        0x0 c:/st/stm32cubeide_1.4.0/stm32cubeide/plugins/com.st.stm32cube.ide.mcu.externaltools.gnu-tools-for-stm32.7-2018-q2-update.win32_1.4.0.202007081208/tools/bin/../lib/gcc/arm-none-eabi/7.3.1/../../../../arm-none-eabi/lib/thumb/v7-m/crt0.o
 .ARM.exidx     0x0000000000000000        0x8 c:/st/stm32cubeide_1.4.0/stm32cubeide/plugins/com.st.stm32cube.ide.mcu.externaltools.gnu-tools-for-stm32.7-2018-q2-update.win32_1.4.0.202007081208/tools/bin/../lib/gcc/arm-none-eabi/7.3.1/../../../../arm-none-eabi/lib/thumb/v7-m/crt0.o
 .ARM.attributes
                0x0000000000000000       0x1b c:/st/stm32cubeide_1.4.0/stm32cubeide/plugins/com.st.stm32cube.ide.mcu.externaltools.gnu-tools-for-stm32.7-2018-q2-update.win32_1.4.0.202007081208/tools/bin/../lib/gcc/arm-none-eabi/7.3.1/../../../../arm-none-eabi/lib/thumb/v7-m/crt0.o
 .group         0x0000000000000000        0xc Src/HAL/LED/LED.o
 .group         0x0000000000000000        0xc Src/HAL/LED/LED.o
 .group         0x0000000000000000        0xc Src/HAL/LED/LED.o
 .group         0x0000000000000000        0xc Src/HAL/LED/LED.o
 .group         0x0000000000000000        0xc Src/HAL/LED/LED.o
 .group         0x0000000000000000        0xc Src/HAL/LED/LED.o
 .text          0x0000000000000000        0x0 Src/HAL/LED/LED.o
 .data          0x0000000000000000        0x0 Src/HAL/LED/LED.o
 .bss           0x0000000000000000        0x0 Src/HAL/LED/LED.o
 .text.LED_On   0x0000000000000000       0x7c Src/HAL/LED/LED.o
 .text.LED_Toggle
                0x0000000000000000       0xb8 Src/HAL/LED/LED.o
 .group         0x0000000000000000        0xc Src/MCAL/EXI/EXTI.o
 .group         0x0000000000000000        0xc Src/MCAL/EXI/EXTI.o
 .group         0x0000000000000000        0xc Src/MCAL/EXI/EXTI.o
 .group         0x0000000000000000        0xc Src/MCAL/EXI/EXTI.o
 .group         0x0000000000000000        0xc Src/MCAL/EXI/EXTI.o
 .text          0x0000000000000000        0x0 Src/MCAL/EXI/EXTI.o
 .data          0x0000000000000000        0x0 Src/MCAL/EXI/EXTI.o
 .bss           0x0000000000000000        0x0 Src/MCAL/EXI/EXTI.o
 .text.MCAL_EXTI_Init
                0x0000000000000000       0x98 Src/MCAL/EXI/EXTI.o
 .text.MCAL_EXTI_Enable
                0x0000000000000000       0x2c Src/MCAL/EXI/EXTI.o
 .text.MCAL_EXTI_Disable
                0x0000000000000000       0x24 Src/MCAL/EXI/EXTI.o
 .text.MCAL_EXTI_SoftWareTrigger
                0x0000000000000000       0x2c Src/MCAL/EXI/EXTI.o
 .text.MCAL_EXTI_SetCallBack
                0x0000000000000000       0x2c Src/MCAL/EXI/EXTI.o
 .debug_macro   0x0000000000000000      0xa60 Src/MCAL/EXI/EXTI.o
 .debug_macro   0x0000000000000000       0x2e Src/MCAL/EXI/EXTI.o
 .debug_macro   0x0000000000000000       0x22 Src/MCAL/EXI/EXTI.o
 .debug_macro   0x0000000000000000       0x71 Src/MCAL/EXI/EXTI.o
 .group         0x0000000000000000        0xc Src/MCAL/GPIO/GPIO.o
 .group         0x0000000000000000        0xc Src/MCAL/GPIO/GPIO.o
 .group         0x0000000000000000        0xc Src/MCAL/GPIO/GPIO.o
 .group         0x0000000000000000        0xc Src/MCAL/GPIO/GPIO.o
 .group         0x0000000000000000        0xc Src/MCAL/GPIO/GPIO.o
 .text          0x0000000000000000        0x0 Src/MCAL/GPIO/GPIO.o
 .data          0x0000000000000000        0x0 Src/MCAL/GPIO/GPIO.o
 .bss           0x0000000000000000        0x0 Src/MCAL/GPIO/GPIO.o
 .text.MCAL_GPIO_ReadPin
                0x0000000000000000       0x84 Src/MCAL/GPIO/GPIO.o
 .text.MCAL_GPIO_SetupPortDirection
                0x0000000000000000       0xbc Src/MCAL/GPIO/GPIO.o
 .text.MCAL_GPIO_WritePort
                0x0000000000000000       0xd8 Src/MCAL/GPIO/GPIO.o
 .text.MCAL_GPIO_ReadPort
                0x0000000000000000       0xb4 Src/MCAL/GPIO/GPIO.o
 .debug_macro   0x0000000000000000      0xa60 Src/MCAL/GPIO/GPIO.o
 .debug_macro   0x0000000000000000       0x2e Src/MCAL/GPIO/GPIO.o
 .debug_macro   0x0000000000000000       0x22 Src/MCAL/GPIO/GPIO.o
 .debug_macro   0x0000000000000000       0x71 Src/MCAL/GPIO/GPIO.o
 .debug_macro   0x0000000000000000       0xe8 Src/MCAL/GPIO/GPIO.o
 .group         0x0000000000000000        0xc Src/MCAL/RCC/RCC.o
 .group         0x0000000000000000        0xc Src/MCAL/RCC/RCC.o
 .group         0x0000000000000000        0xc Src/MCAL/RCC/RCC.o
 .group         0x0000000000000000        0xc Src/MCAL/RCC/RCC.o
 .group         0x0000000000000000        0xc Src/MCAL/RCC/RCC.o
 .group         0x0000000000000000        0xc Src/MCAL/RCC/RCC.o
 .text          0x0000000000000000        0x0 Src/MCAL/RCC/RCC.o
 .data          0x0000000000000000        0x0 Src/MCAL/RCC/RCC.o
 .bss           0x0000000000000000        0x0 Src/MCAL/RCC/RCC.o
 .text.MCAL_RCC_DisablePeripheralClock
                0x0000000000000000       0x78 Src/MCAL/RCC/RCC.o
 .debug_macro   0x0000000000000000      0xa60 Src/MCAL/RCC/RCC.o
 .debug_macro   0x0000000000000000       0x2e Src/MCAL/RCC/RCC.o
 .debug_macro   0x0000000000000000       0x22 Src/MCAL/RCC/RCC.o
 .debug_macro   0x0000000000000000       0x71 Src/MCAL/RCC/RCC.o
 .group         0x0000000000000000        0xc Src/MCAL/Systick/Systick.o
 .group         0x0000000000000000        0xc Src/MCAL/Systick/Systick.o
 .group         0x0000000000000000        0xc Src/MCAL/Systick/Systick.o
 .group         0x0000000000000000        0xc Src/MCAL/Systick/Systick.o
 .group         0x0000000000000000        0xc Src/MCAL/Systick/Systick.o
 .group         0x0000000000000000        0xc Src/MCAL/Systick/Systick.o
 .group         0x0000000000000000        0xc Src/MCAL/Systick/Systick.o
 .group         0x0000000000000000        0xc Src/MCAL/Systick/Systick.o
 .group         0x0000000000000000        0xc Src/MCAL/Systick/Systick.o
 .text          0x0000000000000000        0x0 Src/MCAL/Systick/Systick.o
 .data          0x0000000000000000        0x0 Src/MCAL/Systick/Systick.o
 .bss           0x0000000000000000        0x0 Src/MCAL/Systick/Systick.o
 .text.MCAL_Systick_INTStatus
                0x0000000000000000       0x38 Src/MCAL/Systick/Systick.o
 .text.MCAL_Systick_ReadFlag
                0x0000000000000000       0x20 Src/MCAL/Systick/Systick.o
 .debug_macro   0x0000000000000000      0xa60 Src/MCAL/Systick/Systick.o
 .debug_macro   0x0000000000000000       0x2e Src/MCAL/Systick/Systick.o
 .debug_macro   0x0000000000000000       0x22 Src/MCAL/Systick/Systick.o
 .debug_macro   0x0000000000000000       0x71 Src/MCAL/Systick/Systick.o
 .debug_macro   0x0000000000000000       0x2e Src/MCAL/Systick/Systick.o
 .group         0x0000000000000000        0xc Src/helmyRTOS/helmyRTOS.o
 .group         0x0000000000000000        0xc Src/helmyRTOS/helmyRTOS.o
 .group         0x0000000000000000        0xc Src/helmyRTOS/helmyRTOS.o
 .group         0x0000000000000000        0xc Src/helmyRTOS/helmyRTOS.o
 .group         0x0000000000000000        0xc Src/helmyRTOS/helmyRTOS.o
 .group         0x0000000000000000        0xc Src/helmyRTOS/helmyRTOS.o
 .group         0x0000000000000000        0xc Src/helmyRTOS/helmyRTOS.o
 .text          0x0000000000000000        0x0 Src/helmyRTOS/helmyRTOS.o
 .data          0x0000000000000000        0x0 Src/helmyRTOS/helmyRTOS.o
 .bss           0x0000000000000000        0x0 Src/helmyRTOS/helmyRTOS.o
 .text.helmyRTOS_SuspendTask
                0x0000000000000000       0x2c Src/helmyRTOS/helmyRTOS.o
 .text.helmyRTOS_ResumeTask
                0x0000000000000000       0x2c Src/helmyRTOS/helmyRTOS.o
 .text.helmyRTOS_DeleteTask
                0x0000000000000000       0x2c Src/helmyRTOS/helmyRTOS.o
 .debug_macro   0x0000000000000000      0xa60 Src/helmyRTOS/helmyRTOS.o
 .debug_macro   0x0000000000000000       0x2e Src/helmyRTOS/helmyRTOS.o
 .debug_macro   0x0000000000000000       0x22 Src/helmyRTOS/helmyRTOS.o
 .debug_macro   0x0000000000000000       0x71 Src/helmyRTOS/helmyRTOS.o
 .debug_macro   0x0000000000000000       0x16 Src/helmyRTOS/helmyRTOS.o
 .debug_macro   0x0000000000000000       0x10 Src/helmyRTOS/helmyRTOS.o
 .debug_macro   0x0000000000000000       0x22 Src/helmyRTOS/helmyRTOS.o
 .group         0x0000000000000000        0xc Src/main.o
 .group         0x0000000000000000        0xc Src/main.o
 .group         0x0000000000000000        0xc Src/main.o
 .group         0x0000000000000000        0xc Src/main.o
 .group         0x0000000000000000        0xc Src/main.o
 .group         0x0000000000000000        0xc Src/main.o
 .group         0x0000000000000000        0xc Src/main.o
 .group         0x0000000000000000        0xc Src/main.o
 .group         0x0000000000000000        0xc Src/main.o
 .group         0x0000000000000000        0xc Src/main.o
 .text          0x0000000000000000        0x0 Src/main.o
 .data          0x0000000000000000        0x0 Src/main.o
 .bss           0x0000000000000000        0x0 Src/main.o
 .debug_macro   0x0000000000000000      0xa60 Src/main.o
 .debug_macro   0x0000000000000000       0x2e Src/main.o
 .debug_macro   0x0000000000000000       0x22 Src/main.o
 .debug_macro   0x0000000000000000       0x71 Src/main.o
 .debug_macro   0x0000000000000000       0x16 Src/main.o
 .debug_macro   0x0000000000000000       0x10 Src/main.o
 .debug_macro   0x0000000000000000       0xee Src/main.o
 .debug_macro   0x0000000000000000      0x210 Src/main.o
 .debug_macro   0x0000000000000000       0x2e Src/main.o
 .debug_macro   0x0000000000000000       0x22 Src/main.o
 .text          0x0000000000000000       0x14 Startup/startup_stm32f103c8tx.o
 .data          0x0000000000000000        0x0 Startup/startup_stm32f103c8tx.o
 .bss           0x0000000000000000        0x0 Startup/startup_stm32f103c8tx.o
 .text          0x0000000000000000        0x0 c:/st/stm32cubeide_1.4.0/stm32cubeide/plugins/com.st.stm32cube.ide.mcu.externaltools.gnu-tools-for-stm32.7-2018-q2-update.win32_1.4.0.202007081208/tools/bin/../lib/gcc/arm-none-eabi/7.3.1/../../../../arm-none-eabi/lib/thumb/v7-m\libc_nano.a(lib_a-exit.o)
 .data          0x0000000000000000        0x0 c:/st/stm32cubeide_1.4.0/stm32cubeide/plugins/com.st.stm32cube.ide.mcu.externaltools.gnu-tools-for-stm32.7-2018-q2-update.win32_1.4.0.202007081208/tools/bin/../lib/gcc/arm-none-eabi/7.3.1/../../../../arm-none-eabi/lib/thumb/v7-m\libc_nano.a(lib_a-exit.o)
 .bss           0x0000000000000000        0x0 c:/st/stm32cubeide_1.4.0/stm32cubeide/plugins/com.st.stm32cube.ide.mcu.externaltools.gnu-tools-for-stm32.7-2018-q2-update.win32_1.4.0.202007081208/tools/bin/../lib/gcc/arm-none-eabi/7.3.1/../../../../arm-none-eabi/lib/thumb/v7-m\libc_nano.a(lib_a-exit.o)
 .text.exit     0x0000000000000000       0x28 c:/st/stm32cubeide_1.4.0/stm32cubeide/plugins/com.st.stm32cube.ide.mcu.externaltools.gnu-tools-for-stm32.7-2018-q2-update.win32_1.4.0.202007081208/tools/bin/../lib/gcc/arm-none-eabi/7.3.1/../../../../arm-none-eabi/lib/thumb/v7-m\libc_nano.a(lib_a-exit.o)
 .debug_frame   0x0000000000000000       0x28 c:/st/stm32cubeide_1.4.0/stm32cubeide/plugins/com.st.stm32cube.ide.mcu.externaltools.gnu-tools-for-stm32.7-2018-q2-update.win32_1.4.0.202007081208/tools/bin/../lib/gcc/arm-none-eabi/7.3.1/../../../../arm-none-eabi/lib/thumb/v7-m\libc_nano.a(lib_a-exit.o)
 .ARM.attributes
                0x0000000000000000       0x2d c:/st/stm32cubeide_1.4.0/stm32cubeide/plugins/com.st.stm32cube.ide.mcu.externaltools.gnu-tools-for-stm32.7-2018-q2-update.win32_1.4.0.202007081208/tools/bin/../lib/gcc/arm-none-eabi/7.3.1/../../../../arm-none-eabi/lib/thumb/v7-m\libc_nano.a(lib_a-exit.o)
 .text          0x0000000000000000        0x0 c:/st/stm32cubeide_1.4.0/stm32cubeide/plugins/com.st.stm32cube.ide.mcu.externaltools.gnu-tools-for-stm32.7-2018-q2-update.win32_1.4.0.202007081208/tools/bin/../lib/gcc/arm-none-eabi/7.3.1/../../../../arm-none-eabi/lib/thumb/v7-m\libc_nano.a(lib_a-impure.o)
 .data          0x0000000000000000        0x0 c:/st/stm32cubeide_1.4.0/stm32cubeide/plugins/com.st.stm32cube.ide.mcu.externaltools.gnu-tools-for-stm32.7-2018-q2-update.win32_1.4.0.202007081208/tools/bin/../lib/gcc/arm-none-eabi/7.3.1/../../../../arm-none-eabi/lib/thumb/v7-m\libc_nano.a(lib_a-impure.o)
 .bss           0x0000000000000000        0x0 c:/st/stm32cubeide_1.4.0/stm32cubeide/plugins/com.st.stm32cube.ide.mcu.externaltools.gnu-tools-for-stm32.7-2018-q2-update.win32_1.4.0.202007081208/tools/bin/../lib/gcc/arm-none-eabi/7.3.1/../../../../arm-none-eabi/lib/thumb/v7-m\libc_nano.a(lib_a-impure.o)
 .data._impure_ptr
                0x0000000000000000        0x4 c:/st/stm32cubeide_1.4.0/stm32cubeide/plugins/com.st.stm32cube.ide.mcu.externaltools.gnu-tools-for-stm32.7-2018-q2-update.win32_1.4.0.202007081208/tools/bin/../lib/gcc/arm-none-eabi/7.3.1/../../../../arm-none-eabi/lib/thumb/v7-m\libc_nano.a(lib_a-impure.o)
 .data.impure_data
                0x0000000000000000       0x60 c:/st/stm32cubeide_1.4.0/stm32cubeide/plugins/com.st.stm32cube.ide.mcu.externaltools.gnu-tools-for-stm32.7-2018-q2-update.win32_1.4.0.202007081208/tools/bin/../lib/gcc/arm-none-eabi/7.3.1/../../../../arm-none-eabi/lib/thumb/v7-m\libc_nano.a(lib_a-impure.o)
 .rodata._global_impure_ptr
                0x0000000000000000        0x4 c:/st/stm32cubeide_1.4.0/stm32cubeide/plugins/com.st.stm32cube.ide.mcu.externaltools.gnu-tools-for-stm32.7-2018-q2-update.win32_1.4.0.202007081208/tools/bin/../lib/gcc/arm-none-eabi/7.3.1/../../../../arm-none-eabi/lib/thumb/v7-m\libc_nano.a(lib_a-impure.o)
 .ARM.attributes
                0x0000000000000000       0x2d c:/st/stm32cubeide_1.4.0/stm32cubeide/plugins/com.st.stm32cube.ide.mcu.externaltools.gnu-tools-for-stm32.7-2018-q2-update.win32_1.4.0.202007081208/tools/bin/../lib/gcc/arm-none-eabi/7.3.1/../../../../arm-none-eabi/lib/thumb/v7-m\libc_nano.a(lib_a-impure.o)
 .text          0x0000000000000000        0x0 c:/st/stm32cubeide_1.4.0/stm32cubeide/plugins/com.st.stm32cube.ide.mcu.externaltools.gnu-tools-for-stm32.7-2018-q2-update.win32_1.4.0.202007081208/tools/bin/../lib/gcc/arm-none-eabi/7.3.1/../../../../arm-none-eabi/lib/thumb/v7-m\libc_nano.a(lib_a-init.o)
 .data          0x0000000000000000        0x0 c:/st/stm32cubeide_1.4.0/stm32cubeide/plugins/com.st.stm32cube.ide.mcu.externaltools.gnu-tools-for-stm32.7-2018-q2-update.win32_1.4.0.202007081208/tools/bin/../lib/gcc/arm-none-eabi/7.3.1/../../../../arm-none-eabi/lib/thumb/v7-m\libc_nano.a(lib_a-init.o)
 .bss           0x0000000000000000        0x0 c:/st/stm32cubeide_1.4.0/stm32cubeide/plugins/com.st.stm32cube.ide.mcu.externaltools.gnu-tools-for-stm32.7-2018-q2-update.win32_1.4.0.202007081208/tools/bin/../lib/gcc/arm-none-eabi/7.3.1/../../../../arm-none-eabi/lib/thumb/v7-m\libc_nano.a(lib_a-init.o)
 .text          0x0000000000000000        0x0 c:/st/stm32cubeide_1.4.0/stm32cubeide/plugins/com.st.stm32cube.ide.mcu.externaltools.gnu-tools-for-stm32.7-2018-q2-update.win32_1.4.0.202007081208/tools/bin/../lib/gcc/arm-none-eabi/7.3.1/../../../../arm-none-eabi/lib/thumb/v7-m\libc_nano.a(lib_a-memset.o)
 .data          0x0000000000000000        0x0 c:/st/stm32cubeide_1.4.0/stm32cubeide/plugins/com.st.stm32cube.ide.mcu.externaltools.gnu-tools-for-stm32.7-2018-q2-update.win32_1.4.0.202007081208/tools/bin/../lib/gcc/arm-none-eabi/7.3.1/../../../../arm-none-eabi/lib/thumb/v7-m\libc_nano.a(lib_a-memset.o)
 .bss           0x0000000000000000        0x0 c:/st/stm32cubeide_1.4.0/stm32cubeide/plugins/com.st.stm32cube.ide.mcu.externaltools.gnu-tools-for-stm32.7-2018-q2-update.win32_1.4.0.202007081208/tools/bin/../lib/gcc/arm-none-eabi/7.3.1/../../../../arm-none-eabi/lib/thumb/v7-m\libc_nano.a(lib_a-memset.o)
 .text.memset   0x0000000000000000       0x10 c:/st/stm32cubeide_1.4.0/stm32cubeide/plugins/com.st.stm32cube.ide.mcu.externaltools.gnu-tools-for-stm32.7-2018-q2-update.win32_1.4.0.202007081208/tools/bin/../lib/gcc/arm-none-eabi/7.3.1/../../../../arm-none-eabi/lib/thumb/v7-m\libc_nano.a(lib_a-memset.o)
 .debug_frame   0x0000000000000000       0x20 c:/st/stm32cubeide_1.4.0/stm32cubeide/plugins/com.st.stm32cube.ide.mcu.externaltools.gnu-tools-for-stm32.7-2018-q2-update.win32_1.4.0.202007081208/tools/bin/../lib/gcc/arm-none-eabi/7.3.1/../../../../arm-none-eabi/lib/thumb/v7-m\libc_nano.a(lib_a-memset.o)
 .ARM.attributes
                0x0000000000000000       0x2d c:/st/stm32cubeide_1.4.0/stm32cubeide/plugins/com.st.stm32cube.ide.mcu.externaltools.gnu-tools-for-stm32.7-2018-q2-update.win32_1.4.0.202007081208/tools/bin/../lib/gcc/arm-none-eabi/7.3.1/../../../../arm-none-eabi/lib/thumb/v7-m\libc_nano.a(lib_a-memset.o)
 .text          0x0000000000000000        0x0 c:/st/stm32cubeide_1.4.0/stm32cubeide/plugins/com.st.stm32cube.ide.mcu.externaltools.gnu-tools-for-stm32.7-2018-q2-update.win32_1.4.0.202007081208/tools/bin/../lib/gcc/arm-none-eabi/7.3.1/../../../../arm-none-eabi/lib/thumb/v7-m\libnosys.a(_exit.o)
 .data          0x0000000000000000        0x0 c:/st/stm32cubeide_1.4.0/stm32cubeide/plugins/com.st.stm32cube.ide.mcu.externaltools.gnu-tools-for-stm32.7-2018-q2-update.win32_1.4.0.202007081208/tools/bin/../lib/gcc/arm-none-eabi/7.3.1/../../../../arm-none-eabi/lib/thumb/v7-m\libnosys.a(_exit.o)
 .bss           0x0000000000000000        0x0 c:/st/stm32cubeide_1.4.0/stm32cubeide/plugins/com.st.stm32cube.ide.mcu.externaltools.gnu-tools-for-stm32.7-2018-q2-update.win32_1.4.0.202007081208/tools/bin/../lib/gcc/arm-none-eabi/7.3.1/../../../../arm-none-eabi/lib/thumb/v7-m\libnosys.a(_exit.o)
 .text._exit    0x0000000000000000        0x2 c:/st/stm32cubeide_1.4.0/stm32cubeide/plugins/com.st.stm32cube.ide.mcu.externaltools.gnu-tools-for-stm32.7-2018-q2-update.win32_1.4.0.202007081208/tools/bin/../lib/gcc/arm-none-eabi/7.3.1/../../../../arm-none-eabi/lib/thumb/v7-m\libnosys.a(_exit.o)
 .debug_frame   0x0000000000000000       0x20 c:/st/stm32cubeide_1.4.0/stm32cubeide/plugins/com.st.stm32cube.ide.mcu.externaltools.gnu-tools-for-stm32.7-2018-q2-update.win32_1.4.0.202007081208/tools/bin/../lib/gcc/arm-none-eabi/7.3.1/../../../../arm-none-eabi/lib/thumb/v7-m\libnosys.a(_exit.o)
 .ARM.attributes
                0x0000000000000000       0x2d c:/st/stm32cubeide_1.4.0/stm32cubeide/plugins/com.st.stm32cube.ide.mcu.externaltools.gnu-tools-for-stm32.7-2018-q2-update.win32_1.4.0.202007081208/tools/bin/../lib/gcc/arm-none-eabi/7.3.1/../../../../arm-none-eabi/lib/thumb/v7-m\libnosys.a(_exit.o)
 .text          0x0000000000000000        0x0 c:/st/stm32cubeide_1.4.0/stm32cubeide/plugins/com.st.stm32cube.ide.mcu.externaltools.gnu-tools-for-stm32.7-2018-q2-update.win32_1.4.0.202007081208/tools/bin/../lib/gcc/arm-none-eabi/7.3.1/thumb/v7-m/crtend.o
 .data          0x0000000000000000        0x0 c:/st/stm32cubeide_1.4.0/stm32cubeide/plugins/com.st.stm32cube.ide.mcu.externaltools.gnu-tools-for-stm32.7-2018-q2-update.win32_1.4.0.202007081208/tools/bin/../lib/gcc/arm-none-eabi/7.3.1/thumb/v7-m/crtend.o
 .bss           0x0000000000000000        0x0 c:/st/stm32cubeide_1.4.0/stm32cubeide/plugins/com.st.stm32cube.ide.mcu.externaltools.gnu-tools-for-stm32.7-2018-q2-update.win32_1.4.0.202007081208/tools/bin/../lib/gcc/arm-none-eabi/7.3.1/thumb/v7-m/crtend.o
 .eh_frame      0x0000000000000000        0x4 c:/st/stm32cubeide_1.4.0/stm32cubeide/plugins/com.st.stm32cube.ide.mcu.externaltools.gnu-tools-for-stm32.7-2018-q2-update.win32_1.4.0.202007081208/tools/bin/../lib/gcc/arm-none-eabi/7.3.1/thumb/v7-m/crtend.o
 .ARM.attributes
                0x0000000000000000       0x2d c:/st/stm32cubeide_1.4.0/stm32cubeide/plugins/com.st.stm32cube.ide.mcu.externaltools.gnu-tools-for-stm32.7-2018-q2-update.win32_1.4.0.202007081208/tools/bin/../lib/gcc/arm-none-eabi/7.3.1/thumb/v7-m/crtend.o
 .text          0x0000000000000000        0x0 c:/st/stm32cubeide_1.4.0/stm32cubeide/plugins/com.st.stm32cube.ide.mcu.externaltools.gnu-tools-for-stm32.7-2018-q2-update.win32_1.4.0.202007081208/tools/bin/../lib/gcc/arm-none-eabi/7.3.1/thumb/v7-m/crtn.o
 .data          0x0000000000000000        0x0 c:/st/stm32cubeide_1.4.0/stm32cubeide/plugins/com.st.stm32cube.ide.mcu.externaltools.gnu-tools-for-stm32.7-2018-q2-update.win32_1.4.0.202007081208/tools/bin/../lib/gcc/arm-none-eabi/7.3.1/thumb/v7-m/crtn.o
 .bss           0x0000000000000000        0x0 c:/st/stm32cubeide_1.4.0/stm32cubeide/plugins/com.st.stm32cube.ide.mcu.externaltools.gnu-tools-for-stm32.7-2018-q2-update.win32_1.4.0.202007081208/tools/bin/../lib/gcc/arm-none-eabi/7.3.1/thumb/v7-m/crtn.o

Memory Configuration

Name             Origin             Length             Attributes
RAM              0x0000000020000000 0x0000000000005000 xrw
ROM              0x0000000008000000 0x0000000000010000 xr
*default*        0x0000000000000000 0xffffffffffffffff

Linker script and memory map

LOAD c:/st/stm32cubeide_1.4.0/stm32cubeide/plugins/com.st.stm32cube.ide.mcu.externaltools.gnu-tools-for-stm32.7-2018-q2-update.win32_1.4.0.202007081208/tools/bin/../lib/gcc/arm-none-eabi/7.3.1/thumb/v7-m/crti.o
LOAD c:/st/stm32cubeide_1.4.0/stm32cubeide/plugins/com.st.stm32cube.ide.mcu.externaltools.gnu-tools-for-stm32.7-2018-q2-update.win32_1.4.0.202007081208/tools/bin/../lib/gcc/arm-none-eabi/7.3.1/thumb/v7-m/crtbegin.o
LOAD c:/st/stm32cubeide_1.4.0/stm32cubeide/plugins/com.st.stm32cube.ide.mcu.externaltools.gnu-tools-for-stm32.7-2018-q2-update.win32_1.4.0.202007081208/tools/bin/../lib/gcc/arm-none-eabi/7.3.1/../../../../arm-none-eabi/lib/thumb/v7-m/crt0.o
LOAD Src/HAL/LED/LED.o
LOAD Src/MCAL/EXI/EXTI.o
LOAD Src/MCAL/GPIO/GPIO.o
LOAD Src/MCAL/RCC/RCC.o
LOAD Src/MCAL/Systick/Systick.o
LOAD Src/helmyRTOS/helmyRTOS.o
LOAD Src/main.o
LOAD Startup/startup_stm32f103c8tx.o
START GROUP
LOAD c:/st/stm32cubeide_1.4.0/stm32cubeide/plugins/com.st.stm32cube.ide.mcu.externaltools.gnu-tools-for-stm32.7-2018-q2-update.win32_1.4.0.202007081208/tools/bin/../lib/gcc/arm-none-eabi/7.3.1/../../../../arm-none-eabi/lib/thumb/v7-m\libc_nano.a
LOAD c:/st/stm32cubeide_1.4.0/stm32cubeide/plugins/com.st.stm32cube.ide.mcu.externaltools.gnu-tools-for-stm32.7-2018-q2-update.win32_1.4.0.202007081208/tools/bin/../lib/gcc/arm-none-eabi/7.3.1/../../../../arm-none-eabi/lib/thumb/v7-m\libm.a
END GROUP
START GROUP
LOAD c:/st/stm32cubeide_1.4.0/stm32cubeide/plugins/com.st.stm32cube.ide.mcu.externaltools.gnu-tools-for-stm32.7-2018-q2-update.win32_1.4.0.202007081208/tools/bin/../lib/gcc/arm-none-eabi/7.3.1/thumb/v7-m\libgcc.a
LOAD c:/st/stm32cubeide_1.4.0/stm32cubeide/plugins/com.st.stm32cube.ide.mcu.externaltools.gnu-tools-for-stm32.7-2018-q2-update.win32_1.4.0.202007081208/tools/bin/../lib/gcc/arm-none-eabi/7.3.1/../../../../arm-none-eabi/lib/thumb/v7-m\libc_nano.a
END GROUP
START GROUP
LOAD c:/st/stm32cubeide_1.4.0/stm32cubeide/plugins/com.st.stm32cube.ide.mcu.externaltools.gnu-tools-for-stm32.7-2018-q2-update.win32_1.4.0.202007081208/tools/bin/../lib/gcc/arm-none-eabi/7.3.1/thumb/v7-m\libgcc.a
LOAD c:/st/stm32cubeide_1.4.0/stm32cubeide/plugins/com.st.stm32cube.ide.mcu.externaltools.gnu-tools-for-stm32.7-2018-q2-update.win32_1.4.0.202007081208/tools/bin/../lib/gcc/arm-none-eabi/7.3.1/../../../../arm-none-eabi/lib/thumb/v7-m\libc_nano.a
LOAD c:/st/stm32cubeide_1.4.0/stm32cubeide/plugins/com.st.stm32cube.ide.mcu.externaltools.gnu-tools-for-stm32.7-2018-q2-update.win32_1.4.0.202007081208/tools/bin/../lib/gcc/arm-none-eabi/7.3.1/../../../../arm-none-eabi/lib/thumb/v7-m\libnosys.a
END GROUP
START GROUP
LOAD c:/st/stm32cubeide_1.4.0/stm32cubeide/plugins/com.st.stm32cube.ide.mcu.externaltools.gnu-tools-for-stm32.7-2018-q2-update.win32_1.4.0.202007081208/tools/bin/../lib/gcc/arm-none-eabi/7.3.1/thumb/v7-m\libgcc.a
LOAD c:/st/stm32cubeide_1.4.0/stm32cubeide/plugins/com.st.stm32cube.ide.mcu.externaltools.gnu-tools-for-stm32.7-2018-q2-update.win32_1.4.0.202007081208/tools/bin/../lib/gcc/arm-none-eabi/7.3.1/../../../../arm-none-eabi/lib/thumb/v7-m\libc_nano.a
LOAD c:/st/stm32cubeide_1.4.0/stm32cubeide/plugins/com.st.stm32cube.ide.mcu.externaltools.gnu-tools-for-stm32.7-2018-q2-update.win32_1.4.0.202007081208/tools/bin/../lib/gcc/arm-none-eabi/7.3.1/../../../../arm-none-eabi/lib/thumb/v7-m\libnosys.a
END GROUP
LOAD c:/st/stm32cubeide_1.4.0/stm32cubeide/plugins/com.st.stm32cube.ide.mcu.externaltools.gnu-tools-for-stm32.7-2018-q2-update.win32_1.4.0.202007081208/tools/bin/../lib/gcc/arm-none-eabi/7.3.1/thumb/v7-m/crtend.o
LOAD c:/st/stm32cubeide_1.4.0/stm32cubeide/plugins/com.st.stm32cube.ide.mcu.externaltools.gnu-tools-for-stm32.7-2018-q2-update.win32_1.4.0.202007081208/tools/bin/../lib/gcc/arm-none-eabi/7.3.1/thumb/v7-m/crtn.o
                0x0000000020005000                _estack = (ORIGIN (RAM) + LENGTH (RAM))
                0x0000000000000200                _Min_Heap_Size = 0x200
                0x0000000000000400                _Min_Stack_Size = 0x400

.isr_vector     0x0000000008000000      0x130
                0x0000000008000000                . = ALIGN (0x4)
 *(.isr_vector)
 .isr_vector    0x0000000008000000      0x130 Startup/startup_stm32f103c8tx.o
                0x0000000008000000                g_pfnVectors
                0x0000000008000130                . = ALIGN (0x4)

.text           0x0000000008000130      0xa00
                0x0000000008000130                . = ALIGN (0x4)
 *(.text)
 .text          0x0000000008000130       0x40 c:/st/stm32cubeide_1.4.0/stm32cubeide/plugins/com.st.stm32cube.ide.mcu.externaltools.gnu-tools-for-stm32.7-2018-q2-update.win32_1.4.0.202007081208/tools/bin/../lib/gcc/arm-none-eabi/7.3.1/thumb/v7-m/crtbegin.o
 *(.text*)
 .text.LEDs_Init
                0x0000000008000170       0x58 Src/HAL/LED/LED.o
                0x0000000008000170                LEDs_Init
 .text.LED_Off  0x00000000080001c8       0x7c Src/HAL/LED/LED.o
                0x00000000080001c8                LED_Off
 .text.EXTI0_IRQHandler
                0x0000000008000244       0x2c Src/MCAL/EXI/EXTI.o
                0x0000000008000244                EXTI0_IRQHandler
 .text.EXTI1_IRQHandler
                0x0000000008000270       0x2c Src/MCAL/EXI/EXTI.o
                0x0000000008000270                EXTI1_IRQHandler
 .text.EXTI2_IRQHandler
                0x000000000800029c       0x2c Src/MCAL/EXI/EXTI.o
                0x000000000800029c                EXTI2_IRQHandler
 .text.EXTI3_IRQHandler
                0x00000000080002c8       0x2c Src/MCAL/EXI/EXTI.o
                0x00000000080002c8                EXTI3_IRQHandler
 .text.EXTI4_IRQHandler
                0x00000000080002f4       0x2c Src/MCAL/EXI/EXTI.o
                0x00000000080002f4                EXTI4_IRQHandler
 .text.EXTI9_5_IRQHandler
                0x0000000008000320       0x6c Src/MCAL/EXI/EXTI.o
                0x0000000008000320                EXTI9_5_IRQHandler
 .text.EXTI15_10_IRQHandler
                0x000000000800038c       0x6c Src/MCAL/EXI/EXTI.o
                0x000000000800038c                EXTI15_10_IRQHandler
 .text.MCAL_GPIO_setupPinDirection
                0x00000000080003f8      0x19c Src/MCAL/GPIO/GPIO.o
                0x00000000080003f8                MCAL_GPIO_setupPinDirection
 .text.MCAL_GPIO_WritePin
                0x0000000008000594       0xf0 Src/MCAL/GPIO/GPIO.o
                0x0000000008000594                MCAL_GPIO_WritePin
 .text.MCAL_GPIO_TogglePin
                0x0000000008000684       0x94 Src/MCAL/GPIO/GPIO.o
                0x0000000008000684                MCAL_GPIO_TogglePin
 .text.MCAL_RCC_Init
                0x0000000008000718       0x68 Src/MCAL/RCC/RCC.o
                0x0000000008000718                MCAL_RCC_Init
 .text.MCAL_RCC_EnablePeripheralClock
                0x0000000008000780       0x70 Src/MCAL/RCC/RCC.o
                0x0000000008000780                MCAL_RCC_EnablePeripheralClock
 .text.SysTick_Handler
                0x00000000080007f0       0x14 Src/MCAL/Systick/Systick.o
                0x00000000080007f0                SysTick_Handler
 .text.MCAL_Systick_SetCallBack
                0x0000000008000804       0x1c Src/MCAL/Systick/Systick.o
                0x0000000008000804                MCAL_Systick_SetCallBack
 .text.MCAL_Systick_Init
                0x0000000008000820       0x18 Src/MCAL/Systick/Systick.o
                0x0000000008000820                MCAL_Systick_Init
 .text.MCAL_Systick_Start
                0x0000000008000838       0x30 Src/MCAL/Systick/Systick.o
                0x0000000008000838                MCAL_Systick_Start
 .text.helmyRTOS_Start
                0x0000000008000868       0x20 Src/helmyRTOS/helmyRTOS.o
                0x0000000008000868                helmyRTOS_Start
 .text.helmyRTOS_CreateTask
                0x0000000008000888       0x88 Src/helmyRTOS/helmyRTOS.o
                0x0000000008000888                helmyRTOS_CreateTask
 .text.helmyRTOS_Scheduler
                0x0000000008000910       0xcc Src/helmyRTOS/helmyRTOS.o
                0x0000000008000910                helmyRTOS_Scheduler
 .text.main     0x00000000080009dc       0x70 Src/main.o
                0x00000000080009dc                main
 .text.LED1     0x0000000008000a4c       0x10 Src/main.o
                0x0000000008000a4c                LED1
 .text.LED2     0x0000000008000a5c       0x10 Src/main.o
                0x0000000008000a5c                LED2
 .text.LED3     0x0000000008000a6c       0x10 Src/main.o
                0x0000000008000a6c                LED3
 .text.Reset_Handler
                0x0000000008000a7c       0x50 Startup/startup_stm32f103c8tx.o
                0x0000000008000a7c                Reset_Handler
 .text.Default_Handler
                0x0000000008000acc        0x2 Startup/startup_stm32f103c8tx.o
                0x0000000008000acc                TIM8_TRG_COM_IRQHandler
                0x0000000008000acc                TIM8_CC_IRQHandler
                0x0000000008000acc                DebugMon_Handler
                0x0000000008000acc                TIM1_CC_IRQHandler
                0x0000000008000acc                HardFault_Handler
                0x0000000008000acc                TIM6_IRQHandler
                0x0000000008000acc                PVD_IRQHandler
                0x0000000008000acc                SDIO_IRQHandler
                0x0000000008000acc                PendSV_Handler
                0x0000000008000acc                NMI_Handler
                0x0000000008000acc                USB_HP_CAN_TX_IRQHandler
                0x0000000008000acc                I2C2_EV_IRQHandler
                0x0000000008000acc                UsageFault_Handler
                0x0000000008000acc                ADC1_2_IRQHandler
                0x0000000008000acc                SPI1_IRQHandler
                0x0000000008000acc                CAN_SCE_IRQHandler
                0x0000000008000acc                TAMPER_IRQHandler
                0x0000000008000acc                TIM8_UP_IRQHandler
                0x0000000008000acc                DMA2_Channel2_IRQHandler
                0x0000000008000acc                DMA1_Channel4_IRQHandler
                0x0000000008000acc                USART3_IRQHandler
                0x0000000008000acc                RTC_IRQHandler
                0x0000000008000acc                DMA1_Channel7_IRQHandler
                0x0000000008000acc                UART5_IRQHandler
                0x0000000008000acc                ADC3_IRQHandler
                0x0000000008000acc                TIM4_IRQHandler
                0x0000000008000acc                CAN_RX1_IRQHandler
                0x0000000008000acc                DMA2_Channel1_IRQHandler
                0x0000000008000acc                I2C1_EV_IRQHandler
                0x0000000008000acc                DMA1_Channel6_IRQHandler
                0x0000000008000acc                UART4_IRQHandler
                0x0000000008000acc                TIM3_IRQHandler
                0x0000000008000acc                RCC_IRQHandler
                0x0000000008000acc                TIM1_TRG_COM_IRQHandler
                0x0000000008000acc                DMA1_Channel1_IRQHandler
                0x0000000008000acc                Default_Handler
                0x0000000008000acc                TIM7_IRQHandler
                0x0000000008000acc                TIM5_IRQHandler
                0x0000000008000acc                SPI2_IRQHandler
                0x0000000008000acc                USB_LP_CAN_RX0_IRQHandler
                0x0000000008000acc                MemManage_Handler
                0x0000000008000acc                SVC_Handler
                0x0000000008000acc                DMA1_Channel5_IRQHandler
                0x0000000008000acc                DMA1_Channel3_IRQHandler
                0x0000000008000acc                FSMC_IRQHandler
                0x0000000008000acc                TIM1_UP_IRQHandler
                0x0000000008000acc                WWDG_IRQHandler
                0x0000000008000acc                TIM2_IRQHandler
                0x0000000008000acc                TIM1_BRK_IRQHandler
                0x0000000008000acc                RTCAlarm_IRQHandler
                0x0000000008000acc                DMA2_Channel4_5_IRQHandler
                0x0000000008000acc                USART2_IRQHandler
                0x0000000008000acc                I2C2_ER_IRQHandler
                0x0000000008000acc                DMA1_Channel2_IRQHandler
                0x0000000008000acc                TIM8_BRK_IRQHandler
                0x0000000008000acc                FLASH_IRQHandler
                0x0000000008000acc                BusFault_Handler
                0x0000000008000acc                USART1_IRQHandler
                0x0000000008000acc                SPI3_IRQHandler
                0x0000000008000acc                I2C1_ER_IRQHandler
                0x0000000008000acc                DMA2_Channel3_IRQHandler
 *fill*         0x0000000008000ace        0x2 
 .text.__libc_init_array
                0x0000000008000ad0       0x48 c:/st/stm32cubeide_1.4.0/stm32cubeide/plugins/com.st.stm32cube.ide.mcu.externaltools.gnu-tools-for-stm32.7-2018-q2-update.win32_1.4.0.202007081208/tools/bin/../lib/gcc/arm-none-eabi/7.3.1/../../../../arm-none-eabi/lib/thumb/v7-m\libc_nano.a(lib_a-init.o)
                0x0000000008000ad0                __libc_init_array
 *(.glue_7)
 .glue_7        0x0000000008000b18        0x0 linker stubs
 *(.glue_7t)
 .glue_7t       0x0000000008000b18        0x0 linker stubs
 *(.eh_frame)
 .eh_frame      0x0000000008000b18        0x0 c:/st/stm32cubeide_1.4.0/stm32cubeide/plugins/com.st.stm32cube.ide.mcu.externaltools.gnu-tools-for-stm32.7-2018-q2-update.win32_1.4.0.202007081208/tools/bin/../lib/gcc/arm-none-eabi/7.3.1/thumb/v7-m/crtbegin.o
 *(.init)
 .init          0x0000000008000b18        0x4 c:/st/stm32cubeide_1.4.0/stm32cubeide/plugins/com.st.stm32cube.ide.mcu.externaltools.gnu-tools-for-stm32.7-2018-q2-update.win32_1.4.0.202007081208/tools/bin/../lib/gcc/arm-none-eabi/7.3.1/thumb/v7-m/crti.o
                0x0000000008000b18                _init
 .init          0x0000000008000b1c        0x8 c:/st/stm32cubeide_1.4.0/stm32cubeide/plugins/com.st.stm32cube.ide.mcu.externaltools.gnu-tools-for-stm32.7-2018-q2-update.win32_1.4.0.202007081208/tools/bin/../lib/gcc/arm-none-eabi/7.3.1/thumb/v7-m/crtn.o
 *(.fini)
 .fini          0x0000000008000b24        0x4 c:/st/stm32cubeide_1.4.0/stm32cubeide/plugins/com.st.stm32cube.ide.mcu.externaltools.gnu-tools-for-stm32.7-2018-q2-update.win32_1.4.0.202007081208/tools/bin/../lib/gcc/arm-none-eabi/7.3.1/thumb/v7-m/crti.o
                0x0000000008000b24                _fini
 .fini          0x0000000008000b28        0x8 c:/st/stm32cubeide_1.4.0/stm32cubeide/plugins/com.st.stm32cube.ide.mcu.externaltools.gnu-tools-for-stm32.7-2018-q2-update.win32_1.4.0.202007081208/tools/bin/../lib/gcc/arm-none-eabi/7.3.1/thumb/v7-m/crtn.o
                0x0000000008000b30                . = ALIGN (0x4)
                0x0000000008000b30                _etext = .

.vfp11_veneer   0x0000000008000b30        0x0
 .vfp11_veneer  0x0000000008000b30        0x0 linker stubs

.v4_bx          0x0000000008000b30        0x0
 .v4_bx         0x0000000008000b30        0x0 linker stubs

.iplt           0x0000000008000b30        0x0
 .iplt          0x0000000008000b30        0x0 c:/st/stm32cubeide_1.4.0/stm32cubeide/plugins/com.st.stm32cube.ide.mcu.externaltools.gnu-tools-for-stm32.7-2018-q2-update.win32_1.4.0.202007081208/tools/bin/../lib/gcc/arm-none-eabi/7.3.1/thumb/v7-m/crtbegin.o

.rel.dyn        0x0000000008000b30        0x0
 .rel.iplt      0x0000000008000b30        0x0 c:/st/stm32cubeide_1.4.0/stm32cubeide/plugins/com.st.stm32cube.ide.mcu.externaltools.gnu-tools-for-stm32.7-2018-q2-update.win32_1.4.0.202007081208/tools/bin/../lib/gcc/arm-none-eabi/7.3.1/thumb/v7-m/crtbegin.o

.rodata         0x0000000008000b30        0x0
                0x0000000008000b30                . = ALIGN (0x4)
 *(.rodata)
 *(.rodata*)
                0x0000000008000b30                . = ALIGN (0x4)

.ARM.extab      0x0000000008000b30        0x0
                0x0000000008000b30                . = ALIGN (0x4)
 *(.ARM.extab* .gnu.linkonce.armextab.*)
                0x0000000008000b30                . = ALIGN (0x4)

.ARM            0x0000000008000b30        0x0
                0x0000000008000b30                . = ALIGN (0x4)
                0x0000000008000b30                __exidx_start = .
 *(.ARM.exidx*)
                0x0000000008000b30                __exidx_end = .
                0x0000000008000b30                . = ALIGN (0x4)

.preinit_array  0x0000000008000b30        0x0
                0x0000000008000b30                . = ALIGN (0x4)
                0x0000000008000b30                PROVIDE (__preinit_array_start = .)
 *(.preinit_array*)
                0x0000000008000b30                PROVIDE (__preinit_array_end = .)
                0x0000000008000b30                . = ALIGN (0x4)

.init_array     0x0000000008000b30        0x4
                0x0000000008000b30                . = ALIGN (0x4)
                0x0000000008000b30                PROVIDE (__init_array_start = .)
 *(SORT_BY_NAME(.init_array.*))
 *(.init_array*)
 .init_array    0x0000000008000b30        0x4 c:/st/stm32cubeide_1.4.0/stm32cubeide/plugins/com.st.stm32cube.ide.mcu.externaltools.gnu-tools-for-stm32.7-2018-q2-update.win32_1.4.0.202007081208/tools/bin/../lib/gcc/arm-none-eabi/7.3.1/thumb/v7-m/crtbegin.o
                0x0000000008000b34                PROVIDE (__init_array_end = .)
                0x0000000008000b34                . = ALIGN (0x4)

.fini_array     0x0000000008000b34        0x4
                0x0000000008000b34                . = ALIGN (0x4)
                [!provide]                        PROVIDE (__fini_array_start = .)
 *(SORT_BY_NAME(.fini_array.*))
 *(.fini_array*)
 .fini_array    0x0000000008000b34        0x4 c:/st/stm32cubeide_1.4.0/stm32cubeide/plugins/com.st.stm32cube.ide.mcu.externaltools.gnu-tools-for-stm32.7-2018-q2-update.win32_1.4.0.202007081208/tools/bin/../lib/gcc/arm-none-eabi/7.3.1/thumb/v7-m/crtbegin.o
                [!provide]                        PROVIDE (__fini_array_end = .)
                0x0000000008000b38                . = ALIGN (0x4)
                0x0000000008000b38                _sidata = LOADADDR (.data)

.data           0x0000000020000000        0x0 load address 0x0000000008000b38
                0x0000000020000000                . = ALIGN (0x4)
                0x0000000020000000                _sdata = .
 *(.data)
 *(.data*)
                0x0000000020000000                . = ALIGN (0x4)
                0x0000000020000000                _edata = .

.igot.plt       0x0000000020000000        0x0 load address 0x0000000008000b38
 .igot.plt      0x0000000020000000        0x0 c:/st/stm32cubeide_1.4.0/stm32cubeide/plugins/com.st.stm32cube.ide.mcu.externaltools.gnu-tools-for-stm32.7-2018-q2-update.win32_1.4.0.202007081208/tools/bin/../lib/gcc/arm-none-eabi/7.3.1/thumb/v7-m/crtbegin.o
                0x0000000020000000                . = ALIGN (0x4)

.bss            0x0000000020000000       0x84 load address 0x0000000008000b38
                0x0000000020000000                _sbss = .
                0x0000000020000000                __bss_start__ = _sbss
 *(.bss)
 .bss           0x0000000020000000       0x1c c:/st/stm32cubeide_1.4.0/stm32cubeide/plugins/com.st.stm32cube.ide.mcu.externaltools.gnu-tools-for-stm32.7-2018-q2-update.win32_1.4.0.202007081208/tools/bin/../lib/gcc/arm-none-eabi/7.3.1/thumb/v7-m/crtbegin.o
 *(.bss*)
 .bss.SysTasks  0x000000002000001c       0x24 Src/helmyRTOS/helmyRTOS.o
 *(COMMON)
 COMMON         0x0000000020000040       0x40 Src/MCAL/EXI/EXTI.o
                0x0000000020000040                EXTI_CallBack
 COMMON         0x0000000020000080        0x4 Src/MCAL/Systick/Systick.o
                0x0000000020000080                MCAL_Systick_Callback
                0x0000000020000084                . = ALIGN (0x4)
                0x0000000020000084                _ebss = .
                0x0000000020000084                __bss_end__ = _ebss

._user_heap_stack
                0x0000000020000084      0x604 load address 0x0000000008000b38
                0x0000000020000088                . = ALIGN (0x8)
 *fill*         0x0000000020000084        0x4 
                [!provide]                        PROVIDE (end = .)
                [!provide]                        PROVIDE (_end = .)
                0x0000000020000288                . = (. + _Min_Heap_Size)
 *fill*         0x0000000020000088      0x200 
                0x0000000020000688                . = (. + _Min_Stack_Size)
 *fill*         0x0000000020000288      0x400 
                0x0000000020000688                . = ALIGN (0x8)

/DISCARD/
 libc.a(*)
 libm.a(*)
 libgcc.a(*)

.ARM.attributes
                0x0000000000000000       0x29
 *(.ARM.attributes)
 .ARM.attributes
                0x0000000000000000       0x1d c:/st/stm32cubeide_1.4.0/stm32cubeide/plugins/com.st.stm32cube.ide.mcu.externaltools.gnu-tools-for-stm32.7-2018-q2-update.win32_1.4.0.202007081208/tools/bin/../lib/gcc/arm-none-eabi/7.3.1/thumb/v7-m/crti.o
 .ARM.attributes
                0x000000000000001d       0x2d c:/st/stm32cubeide_1.4.0/stm32cubeide/plugins/com.st.stm32cube.ide.mcu.externaltools.gnu-tools-for-stm32.7-2018-q2-update.win32_1.4.0.202007081208/tools/bin/../lib/gcc/arm-none-eabi/7.3.1/thumb/v7-m/crtbegin.o
 .ARM.attributes
                0x000000000000004a       0x33 Src/HAL/LED/LED.o
 .ARM.attributes
                0x000000000000007d       0x33 Src/MCAL/EXI/EXTI.o
 .ARM.attributes
                0x00000000000000b0       0x33 Src/MCAL/GPIO/GPIO.o
 .ARM.attributes
                0x00000000000000e3       0x33 Src/MCAL/RCC/RCC.o
 .ARM.attributes
                0x0000000000000116       0x33 Src/MCAL/Systick/Systick.o
 .ARM.attributes
                0x0000000000000149       0x33 Src/helmyRTOS/helmyRTOS.o
 .ARM.attributes
                0x000000000000017c       0x33 Src/main.o
 .ARM.attributes
                0x00000000000001af       0x21 Startup/startup_stm32f103c8tx.o
 .ARM.attributes
                0x00000000000001d0       0x2d c:/st/stm32cubeide_1.4.0/stm32cubeide/plugins/com.st.stm32cube.ide.mcu.externaltools.gnu-tools-for-stm32.7-2018-q2-update.win32_1.4.0.202007081208/tools/bin/../lib/gcc/arm-none-eabi/7.3.1/../../../../arm-none-eabi/lib/thumb/v7-m\libc_nano.a(lib_a-init.o)
 .ARM.attributes
                0x00000000000001fd       0x1d c:/st/stm32cubeide_1.4.0/stm32cubeide/plugins/com.st.stm32cube.ide.mcu.externaltools.gnu-tools-for-stm32.7-2018-q2-update.win32_1.4.0.202007081208/tools/bin/../lib/gcc/arm-none-eabi/7.3.1/thumb/v7-m/crtn.o
OUTPUT(helmyOS.elf elf32-littlearm)

.debug_info     0x0000000000000000      0xc5a
 .debug_info    0x0000000000000000       0xf8 Src/HAL/LED/LED.o
 .debug_info    0x00000000000000f8      0x2a6 Src/MCAL/EXI/EXTI.o
 .debug_info    0x000000000000039e      0x2b7 Src/MCAL/GPIO/GPIO.o
 .debug_info    0x0000000000000655      0x1b2 Src/MCAL/RCC/RCC.o
 .debug_info    0x0000000000000807      0x18a Src/MCAL/Systick/Systick.o
 .debug_info    0x0000000000000991      0x1e8 Src/helmyRTOS/helmyRTOS.o
 .debug_info    0x0000000000000b79       0xbf Src/main.o
 .debug_info    0x0000000000000c38       0x22 Startup/startup_stm32f103c8tx.o

.debug_abbrev   0x0000000000000000      0x5d0
 .debug_abbrev  0x0000000000000000       0x70 Src/HAL/LED/LED.o
 .debug_abbrev  0x0000000000000070      0x14f Src/MCAL/EXI/EXTI.o
 .debug_abbrev  0x00000000000001bf      0x114 Src/MCAL/GPIO/GPIO.o
 .debug_abbrev  0x00000000000002d3       0xb1 Src/MCAL/RCC/RCC.o
 .debug_abbrev  0x0000000000000384      0x104 Src/MCAL/Systick/Systick.o
 .debug_abbrev  0x0000000000000488       0xd7 Src/helmyRTOS/helmyRTOS.o
 .debug_abbrev  0x000000000000055f       0x5f Src/main.o
 .debug_abbrev  0x00000000000005be       0x12 Startup/startup_stm32f103c8tx.o

.debug_aranges  0x0000000000000000      0x220
 .debug_aranges
                0x0000000000000000       0x38 Src/HAL/LED/LED.o
 .debug_aranges
                0x0000000000000038       0x78 Src/MCAL/EXI/EXTI.o
 .debug_aranges
                0x00000000000000b0       0x50 Src/MCAL/GPIO/GPIO.o
 .debug_aranges
                0x0000000000000100       0x30 Src/MCAL/RCC/RCC.o
 .debug_aranges
                0x0000000000000130       0x48 Src/MCAL/Systick/Systick.o
 .debug_aranges
                0x0000000000000178       0x48 Src/helmyRTOS/helmyRTOS.o
 .debug_aranges
                0x00000000000001c0       0x38 Src/main.o
 .debug_aranges
                0x00000000000001f8       0x28 Startup/startup_stm32f103c8tx.o

.debug_ranges   0x0000000000000000      0x1a8
 .debug_ranges  0x0000000000000000       0x28 Src/HAL/LED/LED.o
 .debug_ranges  0x0000000000000028       0x68 Src/MCAL/EXI/EXTI.o
 .debug_ranges  0x0000000000000090       0x40 Src/MCAL/GPIO/GPIO.o
 .debug_ranges  0x00000000000000d0       0x20 Src/MCAL/RCC/RCC.o
 .debug_ranges  0x00000000000000f0       0x38 Src/MCAL/Systick/Systick.o
 .debug_ranges  0x0000000000000128       0x38 Src/helmyRTOS/helmyRTOS.o
 .debug_ranges  0x0000000000000160       0x28 Src/main.o
 .debug_ranges  0x0000000000000188       0x20 Startup/startup_stm32f103c8tx.o

.debug_macro    0x0000000000000000     0x12ff
 .debug_macro   0x0000000000000000       0x50 Src/HAL/LED/LED.o
 .debug_macro   0x0000000000000050      0xa60 Src/HAL/LED/LED.o
 .debug_macro   0x0000000000000ab0       0x2e Src/HAL/LED/LED.o
 .debug_macro   0x0000000000000ade       0x22 Src/HAL/LED/LED.o
 .debug_macro   0x0000000000000b00       0x71 Src/HAL/LED/LED.o
 .debug_macro   0x0000000000000b71       0xe8 Src/HAL/LED/LED.o
 .debug_macro   0x0000000000000c59       0x2e Src/HAL/LED/LED.o
 .debug_macro   0x0000000000000c87       0x41 Src/MCAL/EXI/EXTI.o
 .debug_macro   0x0000000000000cc8       0xfa Src/MCAL/EXI/EXTI.o
 .debug_macro   0x0000000000000dc2       0x41 Src/MCAL/GPIO/GPIO.o
 .debug_macro   0x0000000000000e03       0x44 Src/MCAL/RCC/RCC.o
 .debug_macro   0x0000000000000e47      0x210 Src/MCAL/RCC/RCC.o
 .debug_macro   0x0000000000001057       0x22 Src/MCAL/RCC/RCC.o
 .debug_macro   0x0000000000001079       0x71 Src/MCAL/Systick/Systick.o
 .debug_macro   0x00000000000010ea       0x16 Src/MCAL/Systick/Systick.o
 .debug_macro   0x0000000000001100       0x10 Src/MCAL/Systick/Systick.o
 .debug_macro   0x0000000000001110       0x22 Src/MCAL/Systick/Systick.o
 .debug_macro   0x0000000000001132       0xee Src/MCAL/Systick/Systick.o
 .debug_macro   0x0000000000001220       0x5d Src/helmyRTOS/helmyRTOS.o
 .debug_macro   0x000000000000127d       0x82 Src/main.o

.debug_line     0x0000000000000000      0xa7c
 .debug_line    0x0000000000000000      0x104 Src/HAL/LED/LED.o
 .debug_line    0x0000000000000104      0x183 Src/MCAL/EXI/EXTI.o
 .debug_line    0x0000000000000287      0x1ba Src/MCAL/GPIO/GPIO.o
 .debug_line    0x0000000000000441       0xe0 Src/MCAL/RCC/RCC.o
 .debug_line    0x0000000000000521      0x198 Src/MCAL/Systick/Systick.o
 .debug_line    0x00000000000006b9      0x18f Src/helmyRTOS/helmyRTOS.o
 .debug_line    0x0000000000000848      0x1b0 Src/main.o
 .debug_line    0x00000000000009f8       0x84 Startup/startup_stm32f103c8tx.o

.debug_str      0x0000000000000000     0x4219
 .debug_str     0x0000000000000000     0x3436 Src/HAL/LED/LED.o
                                       0x34ad (size before relaxing)
 .debug_str     0x0000000000003436      0x358 Src/MCAL/EXI/EXTI.o
                                       0x34cc (size before relaxing)
 .debug_str     0x000000000000378e       0xef Src/MCAL/GPIO/GPIO.o
                                       0x34ee (size before relaxing)
 .debug_str     0x000000000000387d      0x689 Src/MCAL/RCC/RCC.o
                                       0x37e4 (size before relaxing)
 .debug_str     0x0000000000003f06      0x1cd Src/MCAL/Systick/Systick.o
                                       0x3646 (size before relaxing)
 .debug_str     0x00000000000040d3       0xf3 Src/helmyRTOS/helmyRTOS.o
                                       0x3354 (size before relaxing)
 .debug_str     0x00000000000041c6       0x22 Src/main.o
                                       0x3aa0 (size before relaxing)
 .debug_str     0x00000000000041e8       0x31 Startup/startup_stm32f103c8tx.o
                                         0x6b (size before relaxing)

.comment        0x0000000000000000       0x7b
 .comment       0x0000000000000000       0x7b Src/HAL/LED/LED.o
                                         0x7c (size before relaxing)
 .comment       0x000000000000007b       0x7c Src/MCAL/EXI/EXTI.o
 .comment       0x000000000000007b       0x7c Src/MCAL/GPIO/GPIO.o
 .comment       0x000000000000007b       0x7c Src/MCAL/RCC/RCC.o
 .comment       0x000000000000007b       0x7c Src/MCAL/Systick/Systick.o
 .comment       0x000000000000007b       0x7c Src/helmyRTOS/helmyRTOS.o
 .comment       0x000000000000007b       0x7c Src/main.o

.debug_frame    0x0000000000000000      0x670
 .debug_frame   0x0000000000000000       0x98 Src/HAL/LED/LED.o
 .debug_frame   0x0000000000000098      0x1a8 Src/MCAL/EXI/EXTI.o
 .debug_frame   0x0000000000000240      0x128 Src/MCAL/GPIO/GPIO.o
 .debug_frame   0x0000000000000368       0x88 Src/MCAL/RCC/RCC.o
 .debug_frame   0x00000000000003f0       0xe4 Src/MCAL/Systick/Systick.o
 .debug_frame   0x00000000000004d4       0xf0 Src/helmyRTOS/helmyRTOS.o
 .debug_frame   0x00000000000005c4       0x80 Src/main.o
 .debug_frame   0x0000000000000644       0x2c c:/st/stm32cubeide_1.4.0/stm32cubeide/plugins/com.st.stm32cube.ide.mcu.externaltools.gnu-tools-for-stm32.7-2018-q2-update.win32_1.4.0.202007081208/tools/bin/../lib/gcc/arm-none-eabi/7.3.1/../../../../arm-none-eabi/lib/thumb/v7-m\libc_nano.a(lib_a-init.o)
